// Vitest Snapshot v1, https://vitest.dev/guide/snapshot.html

exports[`UserCard Component > matches snapshot 1`] = `
<DocumentFragment>
  <div
    class="p-6 border border-gray-200 rounded-lg shadow-sm hover:shadow-md transition-shadow bg-white max-w-md"
  >
    <div
      class="flex items-start space-x-4"
    >
      <div
        class="flex-1"
      >
        <h3
          class="text-xl font-bold text-gray-800"
        >
          Leanne Graham
        </h3>
        <p
          class="text-gray-500"
        >
          @Bret
        </p>
        <div
          class="mt-4 space-y-2"
        >
          <p
            class="text-gray-600 flex items-center gap-2"
          >
            <svg
              fill="none"
              height="24"
              viewBox="0 0 24 24"
              width="24"
              xmlns="http://www.w3.org/2000/svg"
            >
              <path
                d="M17 20.5H7C4 20.5 2 19 2 15.5V8.5C2 5 4 3.5 7 3.5H17C20 3.5 22 5 22 8.5V15.5C22 19 20 20.5 17 20.5Z"
                stroke="currentColor"
                stroke-linecap="round"
                stroke-linejoin="round"
                stroke-miterlimit="10"
                stroke-width="1.5"
              />
              <path
                d="M17 9L13.87 11.5C12.84 12.32 11.15 12.32 10.12 11.5L7 9"
                stroke="currentColor"
                stroke-linecap="round"
                stroke-linejoin="round"
                stroke-miterlimit="10"
                stroke-width="1.5"
              />
            </svg>
            Sincere@april.biz
          </p>
          <p
            class="text-gray-600 flex items-center gap-2"
          >
            <svg
              fill="none"
              height="24"
              viewBox="0 0 24 24"
              width="24"
              xmlns="http://www.w3.org/2000/svg"
            >
              <path
                d="M21.97 18.33C21.97 18.69 21.89 19.06 21.72 19.42C21.55 19.78 21.33 20.12 21.04 20.44C20.55 20.98 20.01 21.37 19.4 21.62C18.8 21.87 18.15 22 17.45 22C16.43 22 15.34 21.76 14.19 21.27C13.04 20.78 11.89 20.12 10.75 19.29C9.6 18.45 8.51 17.52 7.47 16.49C6.44 15.45 5.51 14.36 4.68 13.22C3.86 12.08 3.2 10.94 2.72 9.81C2.24 8.67 2 7.58 2 6.54C2 5.86 2.12 5.21 2.36 4.61C2.6 4 2.98 3.44 3.51 2.94C4.15 2.31 4.85 2 5.59 2C5.87 2 6.15 2.06 6.4 2.18C6.66 2.3 6.89 2.48 7.07 2.74L9.39 6.01C9.57 6.26 9.7 6.49 9.79 6.71C9.88 6.92 9.93 7.13 9.93 7.32C9.93 7.56 9.86 7.8 9.72 8.03C9.59 8.26 9.4 8.5 9.16 8.74L8.4 9.53C8.29 9.64 8.24 9.77 8.24 9.93C8.24 10.01 8.25 10.08 8.27 10.16C8.3 10.24 8.33 10.3 8.35 10.36C8.53 10.69 8.84 11.12 9.28 11.64C9.73 12.16 10.21 12.69 10.73 13.22C11.27 13.75 11.79 14.24 12.32 14.69C12.84 15.13 13.27 15.43 13.61 15.61C13.66 15.63 13.72 15.66 13.79 15.69C13.87 15.72 13.95 15.73 14.04 15.73C14.21 15.73 14.34 15.67 14.45 15.56L15.21 14.81C15.46 14.56 15.7 14.37 15.93 14.25C16.16 14.11 16.39 14.04 16.64 14.04C16.83 14.04 17.03 14.08 17.25 14.17C17.47 14.26 17.7 14.39 17.95 14.56L21.26 16.91C21.52 17.09 21.7 17.3 21.81 17.55C21.91 17.8 21.97 18.05 21.97 18.33Z"
                stroke="currentColor"
                stroke-miterlimit="10"
                stroke-width="1.5"
              />
            </svg>
            1-770-736-8031 x56442
          </p>
          <p
            class="text-gray-600 flex items-center gap-2"
          >
            <svg
              fill="none"
              height="24"
              viewBox="0 0 24 24"
              width="24"
              xmlns="http://www.w3.org/2000/svg"
            >
              <path
                d="M3.27 12C2.48 11.05 2 9.83 2 8.5C2 5.48 4.47 3 7.5 3H12.5C15.52 3 18 5.48 18 8.5C18 11.52 15.53 14 12.5 14H10"
                stroke="currentColor"
                stroke-linecap="round"
                stroke-linejoin="round"
                stroke-width="1.5"
              />
              <path
                d="M20.73 12C21.52 12.95 22 14.17 22 15.5C22 18.52 19.53 21 16.5 21H11.5C8.48 21 6 18.52 6 15.5C6 12.48 8.47 10 11.5 10H14"
                stroke="currentColor"
                stroke-linecap="round"
                stroke-linejoin="round"
                stroke-width="1.5"
              />
            </svg>
            <a
              class="hover:text-blue-500 hover:underline"
              href="https://hildegard.org"
              rel="noopener noreferrer"
              target="_blank"
            >
              hildegard.org
            </a>
          </p>
        </div>
        <div
          class="mt-4 p-3 bg-gray-50 rounded-lg"
        >
          <h4
            class="font-medium text-gray-700"
          >
            Address
          </h4>
          <p
            class="text-gray-600"
          >
            Kulas Light, Apt. 556
            <br />
            Gwenborough, 92998-3874
          </p>
          <p
            class="text-sm text-gray-500 mt-1"
          >
            Coordinates: -37.3159, 81.1496
          </p>
        </div>
        <div
          class="mt-3 p-3 bg-gray-50 rounded-lg"
        >
          <h4
            class="font-medium text-gray-700"
          >
            Company
          </h4>
          <p
            class="text-gray-800 font-medium"
          >
            Romaguera-Crona
          </p>
          <p
            class="text-gray-600 italic"
          >
            "Multi-layered client-server neural-net"
          </p>
          <p
            class="text-sm text-gray-500 mt-1"
          >
            harness real-time e-markets
          </p>
        </div>
      </div>
    </div>
  </div>
</DocumentFragment>
`;
